============================================================
ENGINEERING DRAWING COMPARISON PIPELINE TEST
============================================================
[1] Loading V1: C:\Trivim Internship\engineering_comparison_system\images\PRV73B124138\v1\page_1.jpg
[2] Loading V2: C:\Trivim Internship\engineering_comparison_system\images\PRV73B124138___Copy\v2\page_1.jpg

Running full pipeline (preprocessing -> segmentation -> matching -> classification)...
Engineering Drawing Comparison System v2.1.0
Company  : Wipro Pari Private Limited
Folders  : Ready Γ£à

============================================================
RESULTS SUMMMARY
============================================================
Component count V1 : 0
Component count V2 : 0

Detected changes (3 total):
  [1] Type: REMOVED         | BBox: (951, 40, 578, 542)
  [2] Type: REMOVED         | BBox: (670, 420, 131, 91)
  [3] Type: MOVED           | BBox: (835, 429, 56, 86)

Total processing time: 8.127 seconds

